/dev/disk0 (internal, physical):
   #:                       TYPE NAME                    SIZE       IDENTIFIER
   0:      GUID_partition_scheme                        *500.3 GB   disk0
   1:             Apple_APFS_ISC Container disk1         524.3 MB   disk0s1
   2:                 Apple_APFS Container disk3         494.4 GB   disk0s2
   3:        Apple_APFS_Recovery Container disk2         5.4 GB     disk0s3

/dev/disk3 (synthesized):
   #:                       TYPE NAME                    SIZE       IDENTIFIER
   0:      APFS Container Scheme -                      +494.4 GB   disk3
                                 Physical Store disk0s2
   1:                APFS Volume Macintosh HD            10.3 GB    disk3s1
   2:              APFS Snapshot com.apple.os.update-... 10.3 GB    disk3s1s1
   3:                APFS Volume Preboot                 6.1 GB     disk3s2
   4:                APFS Volume Recovery                936.4 MB   disk3s3
   5:                APFS Volume Data                    391.9 GB   disk3s5
   6:                APFS Volume VM                      3.2 GB     disk3s6

   Device Identifier:         disk3s1s1
   Device Node:               /dev/disk3s1s1
   Whole:                     No
   Part of Whole:             disk3

   Volume Name:               Macintosh HD
   Mounted:                   Yes
   Mount Point:               /

   Partition Type:            41504653-0000-11AA-AA11-00306543ECAC
   File System Personality:   APFS
   Type (Bundle):             apfs
   Name (User Visible):       APFS
   Owners:                    Enabled

   OS Can Be Installed:       No
   Booter Disk:               disk3s2
   Recovery Disk:             disk3s3
   Media Type:                Generic
   Protocol:                  Apple Fabric
   SMART Status:              Verified
   Volume UUID:               6E3E3B08-3020-4BEB-82EA-87E66B13AE1C
   Disk / Partition UUID:     6E3E3B08-3020-4BEB-82EA-87E66B13AE1C

   Disk Size:                 494.4 GB (494384795648 Bytes) (exactly 965595304 512-Byte-Units)
   Device Block Size:         4096 Bytes

   Volume Used Space:         10.3 GB (10265935872 Bytes) (exactly 20050656 512-Byte-Units)
   Container Total Space:     494.4 GB (494384795648 Bytes) (exactly 965595304 512-Byte-Units)
   Container Free Space:      81.8 GB (81782214656 Bytes) (exactly 159730888 512-Byte-Units)
   Allocation Block Size:     4096 Bytes

   Media OS Use Only:         No
   Media Read-Only:           Yes
   Volume Read-Only:          Yes (read-only mount flag set)

   Device Location:           Internal
   Removable Media:           Fixed

   Solid State:               Yes
   Hardware AES Support:      Yes

   This disk is an APFS Volume Snapshot.  APFS Information:
   APFS Snapshot Name:        com.apple.os.update-C6C236054E23451B9FDAC2E9FA0969DAD53C1365B023068D492024B3BDE60770
   APFS Snapshot UUID:        6E3E3B08-3020-4BEB-82EA-87E66B13AE1C
   APFS Container:            disk3
   APFS Physical Store:       disk0s2
   Fusion Drive:              No
   APFS Volume Group:         2900B686-6460-4A92-AC8D-DCB55A2FBFA6
   EFI Driver In macOS:       2236141001000000
   Encrypted:                 No
   FileVault:                 No
   Sealed:                    Yes
   Locked:                    No

   APFS Snapshots are defined upon this APFS Volume.  Snapshot list:
   Snapshot UUID:             6E3E3B08-3020-4BEB-82EA-87E66B13AE1C
   Name:                      com.apple.os.update-C6C236054E23451B9FDAC2E9FA0969DAD53C1365B023068D492024B3BDE60770
   XID:                       2533999

Started file system verification on disk3s1 (Macintosh HD)
Verifying file system
Volume could not be unmounted
Using live mode
Performing fsck_apfs -n -l -x /dev/rdisk3s1
Checking the container superblock
Checking the checkpoint with transaction ID 6135850
Checking the space manager
Checking the space manager free queue trees
Checking the object map
Checking the encryption key structures
Checking volume /dev/rdisk3s1
Checking the APFS volume superblock
The volume Macintosh HD was formatted by newfs_apfs (1677.41.3.100.4) and last modified by apfs_kext (2236.141.1)
Checking the object map
Checking the snapshot metadata tree
Checking the snapshot metadata
Checking snapshot 1 of 1 (com.apple.os.update-C6C236054E23451B9FDAC2E9FA0969DAD53C1365B023068D492024B3BDE60770, transaction ID 2533999)
Checking the fsroot tree
Checking the file extent tree
Checking the extent ref tree
Verifying volume object map space
Verifying allocated space
The volume /dev/rdisk3s1 with UUID E15A4E18-3A43-4580-89E5-B69EA6091872 appears to be OK
File system check exit code is 0
Restoring the original state found as mounted
Finished file system verification on disk3s1 (Macintosh HD)
